com.akiban.sql.parser.CreateTableNode@44ee06be
name: t
statementType: CREATE TABLE
lockGranularity: R
existenceCheck: NO_CONDITION
tableElementList: 	
	com.akiban.sql.parser.TableElementList@66fcc74c

	[0]:	
	com.akiban.sql.parser.ColumnDefinitionNode@5d808366
	type: MEDIUMINT
	name: c
	elementType: null